Expense Report: 2022-09-01 00:00:00.000
Dinner	1	 
Breakfast	2	 
Car Rental	4	 
Dinner	5000	 
Dinner	5001	X
Breakfast	1000	 
Breakfast	1001	X
Lunch	1001	 
Lunch	2001	X
Meal Expenses: 15007
Total Expenses: 15011